MySQL Shell 8.0.31

Copyright (c) 2016, 2022, Oracle and/or its affiliates.
Oracle is a registered trademark of Oracle Corporation and/or its affiliates.
Other names may be trademarks of their respective owners.

Type '\help' or '\?' for help; '\quit' to exit.
 MySQL  JS > \sql
Switching to SQL mode... Commands end with ;
 MySQL  SQL > \connect --mc root@localhost
Creating a Classic session to 'root@localhost'
Please provide the password for 'root@localhost': ***********
Save password for 'root@localhost'? [Y]es/[N]o/Ne[v]er (default No): N
Fetching global names for auto-completion... Press ^C to stop.
Your MySQL connection id is 8
Server version: 8.0.31 MySQL Community Server - GPL
No default schema selected; type \use <schema> to set one.
 MySQL  localhost:3306 ssl  SQL > CREATE DATABASE Company;
Query OK, 1 row affected (0.2077 sec)
 MySQL  localhost:3306 ssl  SQL > USE Company;
Default schema set to `Company`.
Fetching global names, object names from `company` for auto-completion... Press ^C to stop.
 MySQL  localhost:3306 ssl  company  SQL > CREATE TABLE Employee (
                                        ->   EmployeeId INT PRIMARY KEY,
                                        ->   FullName VARCHAR(50) NOT NULL,
                                        ->   Technology VARCHAR(50) NOT NULL,
                                        ->   Salary FLOAT NOT NULL,
                                        ->   Gender VARCHAR(50) NOT NULL,
                                        ->   Age INT NOT NULL
                                        -> );
Query OK, 0 rows affected (0.3124 sec)
 MySQL  localhost:3306 ssl  company  SQL > INSERT INTO Employee (EmployeeId, FullName, Technology, Salary, Gender, Age) VALUES (1001, 'John Doe', 'Java', 35000, 'Male', 25);
Query OK, 1 row affected (0.1020 sec)
 MySQL  localhost:3306 ssl  company  SQL > INSERT INTO Employee (EmployeeId, FullName, Technology, Salary, Gender, Age) VALUES (1002, 'Mary Smith', 'Java', 45000, 'Female', 27);
Query OK, 1 row affected (0.0559 sec)
 MySQL  localhost:3306 ssl  company  SQL > INSERT INTO Employee (EmployeeId, FullName, Technology, Salary, Gender, Age) VALUES (1003, 'James Brown', 'Java', 50000, 'Male', 28);
Query OK, 1 row affected (0.0344 sec)
 MySQL  localhost:3306 ssl  company  SQL > INSERT INTO Employee (EmployeeId, FullName, Technology, Salary, Gender, Age) VALUES (1004, 'Mike Walker', '.NET', 50000, 'Male', 28);
Query OK, 1 row affected (0.0336 sec)
 MySQL  localhost:3306 ssl  company  SQL > INSERT INTO Employee (EmployeeId, FullName, Technology, Salary, Gender, Age) VALUES (1005, 'Linda Jones', '.NET', 75000, 'Female', 26);
Query OK, 1 row affected (0.0332 sec)
 MySQL  localhost:3306 ssl  company  SQL > INSERT INTO Employee (EmployeeId, FullName, Technology, Salary, Gender, Age) VALUES (1006, 'Anurag Mohanty', '.NET', 35000, 'Male', 25);
Query OK, 1 row affected (0.0402 sec)
 MySQL  localhost:3306 ssl  company  SQL > INSERT INTO Employee (EmployeeId, FullName, Technology, Salary, Gender, Age) VALUES (1007, 'Priyanla Dewangan', '.NET', 45000, 'Female', 27);
Query OK, 1 row affected (0.0526 sec)
 MySQL  localhost:3306 ssl  company  SQL > INSERT INTO Employee (EmployeeId, FullName, Technology, Salary, Gender, Age) VALUES (1008, 'Sambit Mohanty', '.NET', 50000, 'Male', 28);
Query OK, 1 row affected (0.1124 sec)
 MySQL  localhost:3306 ssl  company  SQL > INSERT INTO Employee (EmployeeId, FullName, Technology, Salary, Gender, Age) VALUES (1009, 'Pranaya Kumar', 'Java', 50000, 'Male', 28);
Query OK, 1 row affected (0.1157 sec)
 MySQL  localhost:3306 ssl  company  SQL > INSERT INTO Employee (EmployeeId, FullName, Technology, Salary, Gender, Age) VALUES (1010, 'Hina Sharma', 'Java', 75000, 'Female', 26);
Query OK, 1 row affected (0.1423 sec)
 MySQL  localhost:3306 ssl  company  SQL > CREATE TABLE Projects (
                                        ->  ProjectId INT PRIMARY KEY AUTO_INCREMENT,
                                        ->     ProjectName VARCHAR(200) NOT NULL,
                                        ->  EmployeeId INT,
                                        ->     StartDate DATETIME,
                                        ->     EndDate DATETIME,
                                        ->     FOREIGN KEY (EmployeeId) REFERENCES Employee(EmployeeId)
                                        -> );
Query OK, 0 rows affected (1.3551 sec)
 MySQL  localhost:3306 ssl  company  SQL > INSERT INTO Projects (ProjectName, EmployeeId, StartDate, EndDate) VALUES
                                        -> ('Develop Ecommerse Website from scratch', 1003, NOW(), DATE_ADD(NOW(), INTERVAL 30 DAY)),
                                        -> ('WordPress Website for our company', 1002, NOW(), DATE_ADD(NOW(), INTERVAL 45 DAY)),
                                        -> ('Manage our Company Servers', 1007, NOW(), DATE_ADD(NOW(), INTERVAL 45 DAY)),
                                        -> ('Hosting account is not working', 1009, NOW(), DATE_ADD(NOW(), INTERVAL 7 DAY)),
                                        -> ('MySQL database from my desktop application', 1010, NOW(), DATE_ADD(NOW(), INTERVAL 15 DAY)),
                                        -> ('Develop new WordPress plugin for my business website', NULL, NOW(), DATE_ADD(NOW(), INTERVAL 10 DAY)),
                                        -> ('Migrate web application and database to new server', NULL, NOW(), DATE_ADD(NOW(), INTERVAL 5 DAY)),
                                        -> ('Android Application development', 1004, NOW(), DATE_ADD(NOW(), INTERVAL 30 DAY)),
                                        -> ('Hosting account is not working', 1001, NOW(), DATE_ADD(NOW(), INTERVAL 7 DAY)),
                                        -> ('MySQL database from my desktop application', 1008, NOW(), DATE_ADD(NOW(), INTERVAL 15 DAY)),
                                        -> ('Develop new WordPress plugin for my business website', NULL, NOW(), DATE_ADD(NOW(), INTERVAL 10 DAY));
Query OK, 11 rows affected (0.1209 sec)

Records: 11  Duplicates: 0  Warnings: 0
 MySQL  localhost:3306 ssl  company  SQL > CREATE TABLE Address
                                        -> (
                                        ->     AddressId INT PRIMARY KEY AUTO_INCREMENT,
                                        ->     EmployeeId INT,
                                        ->     Country VARCHAR(50),
                                        ->     State VARCHAR(50),
                                        ->     City VARCHAR(50),
                                        ->     FOREIGN KEY (EmployeeId) REFERENCES Employee(EmployeeId)
                                        -> );
Query OK, 0 rows affected (0.1395 sec)
 MySQL  localhost:3306 ssl  company  SQL > INSERT INTO Address (EmployeeId, Country, State, City) Values (1001, 'India', 'Odisha', 'BBSR');
Query OK, 1 row affected (0.0360 sec)
 MySQL  localhost:3306 ssl  company  SQL > INSERT INTO Address (EmployeeId, Country, State, City) Values (1002, 'India', 'Maharashtra', 'Mumbai');
Query OK, 1 row affected (0.0366 sec)
 MySQL  localhost:3306 ssl  company  SQL > INSERT INTO Address (EmployeeId, Country, State, City) Values (1003, 'India', 'Maharashtra', 'Pune');
Query OK, 1 row affected (0.0370 sec)
 MySQL  localhost:3306 ssl  company  SQL > INSERT INTO Address (EmployeeId, Country, State, City) Values (1004, 'India', 'Odisha', 'Cuttack');
Query OK, 1 row affected (0.0386 sec)
 MySQL  localhost:3306 ssl  company  SQL > INSERT INTO Address (EmployeeId, Country, State, City) Values (1005, 'India', 'Maharashtra', 'Nagpur');
Query OK, 1 row affected (0.0369 sec)
 MySQL  localhost:3306 ssl  company  SQL > INSERT INTO Address (EmployeeId, Country, State, City) Values (1006, 'India', 'Odisha', 'BBSR');CREATE DATABASE Company;
Query OK, 1 row affected (0.0347 sec)
ERROR: 1007 (HY000): Can't create database 'company'; database exists
 MySQL  localhost:3306 ssl  company  SQL > USE Company;
Default schema set to `Company`.
Fetching global names, object names from `company` for auto-completion... Press ^C to stop.
 MySQL  localhost:3306 ssl  company  SQL > CREATE TABLE Employee (
                                        ->   EmployeeId INT PRIMARY KEY,
                                        ->   FullName VARCHAR(50) NOT NULL,
                                        ->   Technology VARCHAR(50) NOT NULL,
                                        ->   Salary FLOAT NOT NULL,
                                        ->   Gender VARCHAR(50) NOT NULL,
                                        ->   Age INT NOT NULL
                                        -> );
ERROR: 1050 (42S01): Table 'employee' already exists
 MySQL  localhost:3306 ssl  company  SQL > INSERT INTO Employee (EmployeeId, FullName, Technology, Salary, Gender, Age) VALUES (1001, 'John Doe', 'Java', 35000, 'Male', 25);
ERROR: 1062 (23000): Duplicate entry '1001' for key 'employee.PRIMARY'
 MySQL  localhost:3306 ssl  company  SQL > INSERT INTO Employee (EmployeeId, FullName, Technology, Salary, Gender, Age) VALUES (1002, 'Mary Smith', 'Java', 45000, 'Female', 27);
ERROR: 1062 (23000): Duplicate entry '1002' for key 'employee.PRIMARY'
 MySQL  localhost:3306 ssl  company  SQL > INSERT INTO Employee (EmployeeId, FullName, Technology, Salary, Gender, Age) VALUES (1003, 'James Brown', 'Java', 50000, 'Male', 28);
ERROR: 1062 (23000): Duplicate entry '1003' for key 'employee.PRIMARY'
 MySQL  localhost:3306 ssl  company  SQL > INSERT INTO Employee (EmployeeId, FullName, Technology, Salary, Gender, Age) VALUES (1004, 'Mike Walker', '.NET', 50000, 'Male', 28);
ERROR: 1062 (23000): Duplicate entry '1004' for key 'employee.PRIMARY'
 MySQL  localhost:3306 ssl  company  SQL > INSERT INTO Employee (EmployeeId, FullName, Technology, Salary, Gender, Age) VALUES (1005, 'Linda Jones', '.NET', 75000, 'Female', 26);
ERROR: 1062 (23000): Duplicate entry '1005' for key 'employee.PRIMARY'
 MySQL  localhost:3306 ssl  company  SQL > INSERT INTO Employee (EmployeeId, FullName, Technology, Salary, Gender, Age) VALUES (1006, 'Anurag Mohanty', '.NET', 35000, 'Male', 25);
ERROR: 1062 (23000): Duplicate entry '1006' for key 'employee.PRIMARY'
 MySQL  localhost:3306 ssl  company  SQL > INSERT INTO Employee (EmployeeId, FullName, Technology, Salary, Gender, Age) VALUES (1007, 'Priyanla Dewangan', '.NET', 45000, 'Female', 27);
ERROR: 1062 (23000): Duplicate entry '1007' for key 'employee.PRIMARY'
 MySQL  localhost:3306 ssl  company  SQL > INSERT INTO Employee (EmployeeId, FullName, Technology, Salary, Gender, Age) VALUES (1008, 'Sambit Mohanty', '.NET', 50000, 'Male', 28);
ERROR: 1062 (23000): Duplicate entry '1008' for key 'employee.PRIMARY'
 MySQL  localhost:3306 ssl  company  SQL > INSERT INTO Employee (EmployeeId, FullName, Technology, Salary, Gender, Age) VALUES (1009, 'Pranaya Kumar', 'Java', 50000, 'Male', 28);
ERROR: 1062 (23000): Duplicate entry '1009' for key 'employee.PRIMARY'
 MySQL  localhost:3306 ssl  company  SQL > INSERT INTO Employee (EmployeeId, FullName, Technology, Salary, Gender, Age) VALUES (1010, 'Hina Sharma', 'Java', 75000, 'Female', 26);
ERROR: 1062 (23000): Duplicate entry '1010' for key 'employee.PRIMARY'
 MySQL  localhost:3306 ssl  company  SQL > CREATE TABLE Projects (
                                        ->  ProjectId INT PRIMARY KEY AUTO_INCREMENT,
                                        ->     ProjectName VARCHAR(200) NOT NULL,
                                        ->  EmployeeId INT,
                                        ->     StartDate DATETIME,
                                        ->     EndDate DATETIME,
                                        ->     FOREIGN KEY (EmployeeId) REFERENCES Employee(EmployeeId)
                                        -> );
ERROR: 1050 (42S01): Table 'projects' already exists
 MySQL  localhost:3306 ssl  company  SQL > INSERT INTO Projects (ProjectName, EmployeeId, StartDate, EndDate) VALUES
                                        -> ('Develop Ecommerse Website from scratch', 1003, NOW(), DATE_ADD(NOW(), INTERVAL 30 DAY)),
                                        -> ('WordPress Website for our company', 1002, NOW(), DATE_ADD(NOW(), INTERVAL 45 DAY)),
                                        -> ('Manage our Company Servers', 1007, NOW(), DATE_ADD(NOW(), INTERVAL 45 DAY)),
                                        -> ('Hosting account is not working', 1009, NOW(), DATE_ADD(NOW(), INTERVAL 7 DAY)),
                                        -> ('MySQL database from my desktop application', 1010, NOW(), DATE_ADD(NOW(), INTERVAL 15 DAY)),
                                        -> ('Develop new WordPress plugin for my business website', NULL, NOW(), DATE_ADD(NOW(), INTERVAL 10 DAY)),
                                        -> ('Migrate web application and database to new server', NULL, NOW(), DATE_ADD(NOW(), INTERVAL 5 DAY)),
                                        -> ('Android Application development', 1004, NOW(), DATE_ADD(NOW(), INTERVAL 30 DAY)),
                                        -> ('Hosting account is not working', 1001, NOW(), DATE_ADD(NOW(), INTERVAL 7 DAY)),
                                        -> ('MySQL database from my desktop application', 1008, NOW(), DATE_ADD(NOW(), INTERVAL 15 DAY)),
                                        -> ('Develop new WordPress plugin for my business website', NULL, NOW(), DATE_ADD(NOW(), INTERVAL 10 DAY));
Query OK, 11 rows affected (0.0508 sec)

Records: 11  Duplicates: 0  Warnings: 0
 MySQL  localhost:3306 ssl  company  SQL > CREATE TABLE Address
                                        -> (
                                        ->     AddressId INT PRIMARY KEY AUTO_INCREMENT,
                                        ->     EmployeeId INT,
                                        ->     Country VARCHAR(50),
                                        ->     State VARCHAR(50),
                                        ->     City VARCHAR(50),
                                        ->     FOREIGN KEY (EmployeeId) REFERENCES Employee(EmployeeId)
                                        -> );
ERROR: 1050 (42S01): Table 'address' already exists
 MySQL  localhost:3306 ssl  company  SQL > INSERT INTO Address (EmployeeId, Country, State, City) Values (1001, 'India', 'Odisha', 'BBSR');
Query OK, 1 row affected (0.0450 sec)
 MySQL  localhost:3306 ssl  company  SQL > INSERT INTO Address (EmployeeId, Country, State, City) Values (1002, 'India', 'Maharashtra', 'Mumbai');
Query OK, 1 row affected (0.0372 sec)
 MySQL  localhost:3306 ssl  company  SQL > INSERT INTO Address (EmployeeId, Country, State, City) Values (1003, 'India', 'Maharashtra', 'Pune');
Query OK, 1 row affected (0.0271 sec)
 MySQL  localhost:3306 ssl  company  SQL > INSERT INTO Address (EmployeeId, Country, State, City) Values (1004, 'India', 'Odisha', 'Cuttack');
Query OK, 1 row affected (0.0647 sec)
 MySQL  localhost:3306 ssl  company  SQL > INSERT INTO Address (EmployeeId, Country, State, City) Values (1005, 'India', 'Maharashtra', 'Nagpur');
Query OK, 1 row affected (0.0861 sec)
 MySQL  localhost:3306 ssl  company  SQL > INSERT INTO Address (EmployeeId, Country, State, City) Values (1006, 'India', 'Odisha', 'BBSR');
Query OK, 1 row affected (0.0443 sec)
 MySQL  localhost:3306 ssl  company  SQL > show databases;
+--------------------+
| Database           |
+--------------------+
| agencia            |
| bdpendientes       |
| company            |
| eva_2              |
| evaluacion_1       |
| ifoundit           |
| information_schema |
| llantera           |
| mysql              |
| new_schema         |
| orders             |
| peliculas          |
| performance_schema |
| sakila             |
| sys                |
| world              |
+--------------------+
16 rows in set (0.1275 sec)
 MySQL  localhost:3306 ssl  company  SQL > show tables;
+-------------------+
| Tables_in_company |
+-------------------+
| address           |
| employee          |
| projects          |
+-------------------+
3 rows in set (0.8666 sec)
 MySQL  localhost:3306 ssl  company  SQL > select * from projects;
+-----------+------------------------------------------------------+------------+---------------------+---------------------+
| ProjectId | ProjectName                                          | EmployeeId | StartDate           | EndDate             |
+-----------+------------------------------------------------------+------------+---------------------+---------------------+
|         1 | Develop Ecommerse Website from scratch               |       1003 | 2023-03-22 11:09:23 | 2023-04-21 11:09:23 |
|         2 | WordPress Website for our company                    |       1002 | 2023-03-22 11:09:23 | 2023-05-06 11:09:23 |
|         3 | Manage our Company Servers                           |       1007 | 2023-03-22 11:09:23 | 2023-05-06 11:09:23 |
|         4 | Hosting account is not working                       |       1009 | 2023-03-22 11:09:23 | 2023-03-29 11:09:23 |
|         5 | MySQL database from my desktop application           |       1010 | 2023-03-22 11:09:23 | 2023-04-06 11:09:23 |
|         6 | Develop new WordPress plugin for my business website |       NULL | 2023-03-22 11:09:23 | 2023-04-01 11:09:23 |
|         7 | Migrate web application and database to new server   |       NULL | 2023-03-22 11:09:23 | 2023-03-27 11:09:23 |
|         8 | Android Application development                      |       1004 | 2023-03-22 11:09:23 | 2023-04-21 11:09:23 |
|         9 | Hosting account is not working                       |       1001 | 2023-03-22 11:09:23 | 2023-03-29 11:09:23 |
|        10 | MySQL database from my desktop application           |       1008 | 2023-03-22 11:09:23 | 2023-04-06 11:09:23 |
|        11 | Develop new WordPress plugin for my business website |       NULL | 2023-03-22 11:09:23 | 2023-04-01 11:09:23 |
|        12 | Develop Ecommerse Website from scratch               |       1003 | 2023-03-22 11:09:24 | 2023-04-21 11:09:24 |
|        13 | WordPress Website for our company                    |       1002 | 2023-03-22 11:09:24 | 2023-05-06 11:09:24 |
|        14 | Manage our Company Servers                           |       1007 | 2023-03-22 11:09:24 | 2023-05-06 11:09:24 |
|        15 | Hosting account is not working                       |       1009 | 2023-03-22 11:09:24 | 2023-03-29 11:09:24 |
|        16 | MySQL database from my desktop application           |       1010 | 2023-03-22 11:09:24 | 2023-04-06 11:09:24 |
|        17 | Develop new WordPress plugin for my business website |       NULL | 2023-03-22 11:09:24 | 2023-04-01 11:09:24 |
|        18 | Migrate web application and database to new server   |       NULL | 2023-03-22 11:09:24 | 2023-03-27 11:09:24 |
|        19 | Android Application development                      |       1004 | 2023-03-22 11:09:24 | 2023-04-21 11:09:24 |
|        20 | Hosting account is not working                       |       1001 | 2023-03-22 11:09:24 | 2023-03-29 11:09:24 |
|        21 | MySQL database from my desktop application           |       1008 | 2023-03-22 11:09:24 | 2023-04-06 11:09:24 |
|        22 | Develop new WordPress plugin for my business website |       NULL | 2023-03-22 11:09:24 | 2023-04-01 11:09:24 |
+-----------+------------------------------------------------------+------------+---------------------+---------------------+
22 rows in set (0.0026 sec)
 MySQL  localhost:3306 ssl  company  SQL > select * from employee;
+------------+-------------------+------------+--------+--------+-----+
| EmployeeId | FullName          | Technology | Salary | Gender | Age |
+------------+-------------------+------------+--------+--------+-----+
|       1001 | John Doe          | Java       |  35000 | Male   |  25 |
|       1002 | Mary Smith        | Java       |  45000 | Female |  27 |
|       1003 | James Brown       | Java       |  50000 | Male   |  28 |
|       1004 | Mike Walker       | .NET       |  50000 | Male   |  28 |
|       1005 | Linda Jones       | .NET       |  75000 | Female |  26 |
|       1006 | Anurag Mohanty    | .NET       |  35000 | Male   |  25 |
|       1007 | Priyanla Dewangan | .NET       |  45000 | Female |  27 |
|       1008 | Sambit Mohanty    | .NET       |  50000 | Male   |  28 |
|       1009 | Pranaya Kumar     | Java       |  50000 | Male   |  28 |
|       1010 | Hina Sharma       | Java       |  75000 | Female |  26 |
+------------+-------------------+------------+--------+--------+-----+
10 rows in set (0.0009 sec)
 MySQL  localhost:3306 ssl  company  SQL > select * from address;
+-----------+------------+---------+-------------+---------+
| AddressId | EmployeeId | Country | State       | City    |
+-----------+------------+---------+-------------+---------+
|         1 |       1001 | India   | Odisha      | BBSR    |
|         2 |       1002 | India   | Maharashtra | Mumbai  |
|         3 |       1003 | India   | Maharashtra | Pune    |
|         4 |       1004 | India   | Odisha      | Cuttack |
|         5 |       1005 | India   | Maharashtra | Nagpur  |
|         6 |       1006 | India   | Odisha      | BBSR    |
|         7 |       1001 | India   | Odisha      | BBSR    |
|         8 |       1002 | India   | Maharashtra | Mumbai  |
|         9 |       1003 | India   | Maharashtra | Pune    |
|        10 |       1004 | India   | Odisha      | Cuttack |
|        11 |       1005 | India   | Maharashtra | Nagpur  |
|        12 |       1006 | India   | Odisha      | BBSR    |
+-----------+------------+---------+-------------+---------+
12 rows in set (0.0009 sec)
 MySQL  localhost:3306 ssl  company  SQL > desc from projects;
ERROR: 1064 (42000): You have an error in your SQL syntax; check the manual that corresponds to your MySQL server version for the right syntax to use near 'from projects' at line 1
 MySQL  localhost:3306 ssl  company  SQL > desc projects;
+-------------+--------------+------+-----+---------+----------------+
| Field       | Type         | Null | Key | Default | Extra          |
+-------------+--------------+------+-----+---------+----------------+
| ProjectId   | int          | NO   | PRI | NULL    | auto_increment |
| ProjectName | varchar(200) | NO   |     | NULL    |                |
| EmployeeId  | int          | YES  | MUL | NULL    |                |
| StartDate   | datetime     | YES  |     | NULL    |                |
| EndDate     | datetime     | YES  |     | NULL    |                |
+-------------+--------------+------+-----+---------+----------------+
5 rows in set (0.0705 sec)
 MySQL  localhost:3306 ssl  company  SQL > desc employee;
+------------+-------------+------+-----+---------+-------+
| Field      | Type        | Null | Key | Default | Extra |
+------------+-------------+------+-----+---------+-------+
| EmployeeId | int         | NO   | PRI | NULL    |       |
| FullName   | varchar(50) | NO   |     | NULL    |       |
| Technology | varchar(50) | NO   |     | NULL    |       |
| Salary     | float       | NO   |     | NULL    |       |
| Gender     | varchar(50) | NO   |     | NULL    |       |
| Age        | int         | NO   |     | NULL    |       |
+------------+-------------+------+-----+---------+-------+
6 rows in set (0.0024 sec)
 MySQL  localhost:3306 ssl  company  SQL > desc address;
+------------+-------------+------+-----+---------+----------------+
| Field      | Type        | Null | Key | Default | Extra          |
+------------+-------------+------+-----+---------+----------------+
| AddressId  | int         | NO   | PRI | NULL    | auto_increment |
| EmployeeId | int         | YES  | MUL | NULL    |                |
| Country    | varchar(50) | YES  |     | NULL    |                |
| State      | varchar(50) | YES  |     | NULL    |                |
| City       | varchar(50) | YES  |     | NULL    |                |
+------------+-------------+------+-----+---------+----------------+
5 rows in set (0.0022 sec)
 MySQL  localhost:3306 ssl  company  SQL > select * from projects
                                        ->
                                        -> where employeeid is not null;
+-----------+--------------------------------------------+------------+---------------------+---------------------+
| ProjectId | ProjectName                                | EmployeeId | StartDate           | EndDate             |
+-----------+--------------------------------------------+------------+---------------------+---------------------+
|         1 | Develop Ecommerse Website from scratch     |       1003 | 2023-03-22 11:09:23 | 2023-04-21 11:09:23 |
|         2 | WordPress Website for our company          |       1002 | 2023-03-22 11:09:23 | 2023-05-06 11:09:23 |
|         3 | Manage our Company Servers                 |       1007 | 2023-03-22 11:09:23 | 2023-05-06 11:09:23 |
|         4 | Hosting account is not working             |       1009 | 2023-03-22 11:09:23 | 2023-03-29 11:09:23 |
|         5 | MySQL database from my desktop application |       1010 | 2023-03-22 11:09:23 | 2023-04-06 11:09:23 |
|         8 | Android Application development            |       1004 | 2023-03-22 11:09:23 | 2023-04-21 11:09:23 |
|         9 | Hosting account is not working             |       1001 | 2023-03-22 11:09:23 | 2023-03-29 11:09:23 |
|        10 | MySQL database from my desktop application |       1008 | 2023-03-22 11:09:23 | 2023-04-06 11:09:23 |
|        12 | Develop Ecommerse Website from scratch     |       1003 | 2023-03-22 11:09:24 | 2023-04-21 11:09:24 |
|        13 | WordPress Website for our company          |       1002 | 2023-03-22 11:09:24 | 2023-05-06 11:09:24 |
|        14 | Manage our Company Servers                 |       1007 | 2023-03-22 11:09:24 | 2023-05-06 11:09:24 |
|        15 | Hosting account is not working             |       1009 | 2023-03-22 11:09:24 | 2023-03-29 11:09:24 |
|        16 | MySQL database from my desktop application |       1010 | 2023-03-22 11:09:24 | 2023-04-06 11:09:24 |
|        19 | Android Application development            |       1004 | 2023-03-22 11:09:24 | 2023-04-21 11:09:24 |
|        20 | Hosting account is not working             |       1001 | 2023-03-22 11:09:24 | 2023-03-29 11:09:24 |
|        21 | MySQL database from my desktop application |       1008 | 2023-03-22 11:09:24 | 2023-04-06 11:09:24 |
+-----------+--------------------------------------------+------------+---------------------+---------------------+
16 rows in set (0.0009 sec)
 MySQL  localhost:3306 ssl  company  SQL > select * from projects  where employeeid is null;
+-----------+------------------------------------------------------+------------+---------------------+---------------------+
| ProjectId | ProjectName                                          | EmployeeId | StartDate           | EndDate             |
+-----------+------------------------------------------------------+------------+---------------------+---------------------+
|         6 | Develop new WordPress plugin for my business website |       NULL | 2023-03-22 11:09:23 | 2023-04-01 11:09:23 |
|         7 | Migrate web application and database to new server   |       NULL | 2023-03-22 11:09:23 | 2023-03-27 11:09:23 |
|        11 | Develop new WordPress plugin for my business website |       NULL | 2023-03-22 11:09:23 | 2023-04-01 11:09:23 |
|        17 | Develop new WordPress plugin for my business website |       NULL | 2023-03-22 11:09:24 | 2023-04-01 11:09:24 |
|        18 | Migrate web application and database to new server   |       NULL | 2023-03-22 11:09:24 | 2023-03-27 11:09:24 |
|        22 | Develop new WordPress plugin for my business website |       NULL | 2023-03-22 11:09:24 | 2023-04-01 11:09:24 |
+-----------+------------------------------------------------------+------------+---------------------+---------------------+
6 rows in set (0.0010 sec)
 MySQL  localhost:3306 ssl  company  SQL > select a.projectname, b.fullname
                                        -> from projects a
                                        -> inner join employee b on a.projectid = b.employeeid;
Empty set (0.0009 sec)
 MySQL  localhost:3306 ssl  company  SQL > select a.projectname, b.fullname from projects a inner join employee b on a.employeeid = b.employeeid;
+--------------------------------------------+-------------------+
| projectname                                | fullname          |
+--------------------------------------------+-------------------+
| Hosting account is not working             | John Doe          |
| Hosting account is not working             | John Doe          |
| WordPress Website for our company          | Mary Smith        |
| WordPress Website for our company          | Mary Smith        |
| Develop Ecommerse Website from scratch     | James Brown       |
| Develop Ecommerse Website from scratch     | James Brown       |
| Android Application development            | Mike Walker       |
| Android Application development            | Mike Walker       |
| Manage our Company Servers                 | Priyanla Dewangan |
| Manage our Company Servers                 | Priyanla Dewangan |
| MySQL database from my desktop application | Sambit Mohanty    |
| MySQL database from my desktop application | Sambit Mohanty    |
| Hosting account is not working             | Pranaya Kumar     |
| Hosting account is not working             | Pranaya Kumar     |
| MySQL database from my desktop application | Hina Sharma       |
| MySQL database from my desktop application | Hina Sharma       |
+--------------------------------------------+-------------------+
16 rows in set (0.0014 sec)
 MySQL  localhost:3306 ssl  company  SQL > select count(Fullname) from employee;
+-----------------+
| count(Fullname) |
+-----------------+
|              10 |
+-----------------+
1 row in set (0.0459 sec)
 MySQL  localhost:3306 ssl  company  SQL > select a.Fullname, b.country, b.state, b.city, from employee a inner join address b on a.employeeid = b.employeeid;
ERROR: 1064 (42000): You have an error in your SQL syntax; check the manual that corresponds to your MySQL server version for the right syntax to use near 'from employee a inner join address b on a.employeeid = b.employeeid' at line 1
 MySQL  localhost:3306 ssl  company  SQL > select a.Fullname, b.country, b.state, b.city from employee a inner join address b on a.employeeid = b.employeeid;
+----------------+---------+-------------+---------+
| Fullname       | country | state       | city    |
+----------------+---------+-------------+---------+
| John Doe       | India   | Odisha      | BBSR    |
| John Doe       | India   | Odisha      | BBSR    |
| Mary Smith     | India   | Maharashtra | Mumbai  |
| Mary Smith     | India   | Maharashtra | Mumbai  |
| James Brown    | India   | Maharashtra | Pune    |
| James Brown    | India   | Maharashtra | Pune    |
| Mike Walker    | India   | Odisha      | Cuttack |
| Mike Walker    | India   | Odisha      | Cuttack |
| Linda Jones    | India   | Maharashtra | Nagpur  |
| Linda Jones    | India   | Maharashtra | Nagpur  |
| Anurag Mohanty | India   | Odisha      | BBSR    |
| Anurag Mohanty | India   | Odisha      | BBSR    |
+----------------+---------+-------------+---------+
12 rows in set (0.0008 sec)
 MySQL  localhost:3306 ssl  company  SQL > select a.projectname, b.fullname, c.city from projects a inner join employee b on a.employeeid = b.employeeid
                                        -> inner join employee b on b.employeeid = c.employeeid;
ERROR: 1066 (42000): Not unique table/alias: 'b'
 MySQL  localhost:3306 ssl  company  SQL > select a.projectname, b.fullname, c.city from projects a inner join employee b on a.employeeid = b.employeeid inner join address c on b.employeeid = c.employeeid;
+----------------------------------------+-------------+---------+
| projectname                            | fullname    | city    |
+----------------------------------------+-------------+---------+
| Hosting account is not working         | John Doe    | BBSR    |
| Hosting account is not working         | John Doe    | BBSR    |
| Hosting account is not working         | John Doe    | BBSR    |
| Hosting account is not working         | John Doe    | BBSR    |
| WordPress Website for our company      | Mary Smith  | Mumbai  |
| WordPress Website for our company      | Mary Smith  | Mumbai  |
| WordPress Website for our company      | Mary Smith  | Mumbai  |
| WordPress Website for our company      | Mary Smith  | Mumbai  |
| Develop Ecommerse Website from scratch | James Brown | Pune    |
| Develop Ecommerse Website from scratch | James Brown | Pune    |
| Develop Ecommerse Website from scratch | James Brown | Pune    |
| Develop Ecommerse Website from scratch | James Brown | Pune    |
| Android Application development        | Mike Walker | Cuttack |
| Android Application development        | Mike Walker | Cuttack |
| Android Application development        | Mike Walker | Cuttack |
| Android Application development        | Mike Walker | Cuttack |
+----------------------------------------+-------------+---------+
16 rows in set (0.0010 sec)
 MySQL  localhost:3306 ssl  company  SQL > select a.projectname, b.fullname, c.city from projects a inner join employee b on a.employeeid = b.employeeid inner join address c on a.employeeid = c.employeeid;
+----------------------------------------+-------------+---------+
| projectname                            | fullname    | city    |
+----------------------------------------+-------------+---------+
| Hosting account is not working         | John Doe    | BBSR    |
| Hosting account is not working         | John Doe    | BBSR    |
| Hosting account is not working         | John Doe    | BBSR    |
| Hosting account is not working         | John Doe    | BBSR    |
| WordPress Website for our company      | Mary Smith  | Mumbai  |
| WordPress Website for our company      | Mary Smith  | Mumbai  |
| WordPress Website for our company      | Mary Smith  | Mumbai  |
| WordPress Website for our company      | Mary Smith  | Mumbai  |
| Develop Ecommerse Website from scratch | James Brown | Pune    |
| Develop Ecommerse Website from scratch | James Brown | Pune    |
| Develop Ecommerse Website from scratch | James Brown | Pune    |
| Develop Ecommerse Website from scratch | James Brown | Pune    |
| Android Application development        | Mike Walker | Cuttack |
| Android Application development        | Mike Walker | Cuttack |
| Android Application development        | Mike Walker | Cuttack |
| Android Application development        | Mike Walker | Cuttack |
+----------------------------------------+-------------+---------+
16 rows in set (0.0007 sec)
 MySQL  localhost:3306 ssl  company  SQL > select a.projectname, b.fullname, c.city from projects a inner join employee b on a.employeeid = b.employeeid inner join address c on b.employeeid = c.employeeid;
+----------------------------------------+-------------+---------+
| projectname                            | fullname    | city    |
+----------------------------------------+-------------+---------+
| Hosting account is not working         | John Doe    | BBSR    |
| Hosting account is not working         | John Doe    | BBSR    |
| Hosting account is not working         | John Doe    | BBSR    |
| Hosting account is not working         | John Doe    | BBSR    |
| WordPress Website for our company      | Mary Smith  | Mumbai  |
| WordPress Website for our company      | Mary Smith  | Mumbai  |
| WordPress Website for our company      | Mary Smith  | Mumbai  |
| WordPress Website for our company      | Mary Smith  | Mumbai  |
| Develop Ecommerse Website from scratch | James Brown | Pune    |
| Develop Ecommerse Website from scratch | James Brown | Pune    |
| Develop Ecommerse Website from scratch | James Brown | Pune    |
| Develop Ecommerse Website from scratch | James Brown | Pune    |
| Android Application development        | Mike Walker | Cuttack |
| Android Application development        | Mike Walker | Cuttack |
| Android Application development        | Mike Walker | Cuttack |
| Android Application development        | Mike Walker | Cuttack |
+----------------------------------------+-------------+---------+
16 rows in set (0.0010 sec)
 MySQL  localhost:3306 ssl  company  SQL > select a.projectname, b.fullname
                                        -> from projects a
                                        -> left join employee b
                                        -> on a.employeeid = b.employeeid;
+------------------------------------------------------+-------------------+
| projectname                                          | fullname          |
+------------------------------------------------------+-------------------+
| Develop Ecommerse Website from scratch               | James Brown       |
| WordPress Website for our company                    | Mary Smith        |
| Manage our Company Servers                           | Priyanla Dewangan |
| Hosting account is not working                       | Pranaya Kumar     |
| MySQL database from my desktop application           | Hina Sharma       |
| Develop new WordPress plugin for my business website | NULL              |
| Migrate web application and database to new server   | NULL              |
| Android Application development                      | Mike Walker       |
| Hosting account is not working                       | John Doe          |
| MySQL database from my desktop application           | Sambit Mohanty    |
| Develop new WordPress plugin for my business website | NULL              |
| Develop Ecommerse Website from scratch               | James Brown       |
| WordPress Website for our company                    | Mary Smith        |
| Manage our Company Servers                           | Priyanla Dewangan |
| Hosting account is not working                       | Pranaya Kumar     |
| MySQL database from my desktop application           | Hina Sharma       |
| Develop new WordPress plugin for my business website | NULL              |
| Migrate web application and database to new server   | NULL              |
| Android Application development                      | Mike Walker       |
| Hosting account is not working                       | John Doe          |
| MySQL database from my desktop application           | Sambit Mohanty    |
| Develop new WordPress plugin for my business website | NULL              |
+------------------------------------------------------+-------------------+
22 rows in set (0.0010 sec)
 MySQL  localhost:3306 ssl  company  SQL > select a.projectname, b.fullname from projects a left join employee b on a.employeeid = b.employeeid order by b.fullname;
+------------------------------------------------------+-------------------+
| projectname                                          | fullname          |
+------------------------------------------------------+-------------------+
| Develop new WordPress plugin for my business website | NULL              |
| Migrate web application and database to new server   | NULL              |
| Develop new WordPress plugin for my business website | NULL              |
| Develop new WordPress plugin for my business website | NULL              |
| Migrate web application and database to new server   | NULL              |
| Develop new WordPress plugin for my business website | NULL              |
| MySQL database from my desktop application           | Hina Sharma       |
| MySQL database from my desktop application           | Hina Sharma       |
| Develop Ecommerse Website from scratch               | James Brown       |
| Develop Ecommerse Website from scratch               | James Brown       |
| Hosting account is not working                       | John Doe          |
| Hosting account is not working                       | John Doe          |
| WordPress Website for our company                    | Mary Smith        |
| WordPress Website for our company                    | Mary Smith        |
| Android Application development                      | Mike Walker       |
| Android Application development                      | Mike Walker       |
| Hosting account is not working                       | Pranaya Kumar     |
| Hosting account is not working                       | Pranaya Kumar     |
| Manage our Company Servers                           | Priyanla Dewangan |
| Manage our Company Servers                           | Priyanla Dewangan |
| MySQL database from my desktop application           | Sambit Mohanty    |
| MySQL database from my desktop application           | Sambit Mohanty    |
+------------------------------------------------------+-------------------+
22 rows in set (0.0205 sec)
 MySQL  localhost:3306 ssl  company  SQL >