MySQL Shell 8.0.31

Copyright (c) 2016, 2022, Oracle and/or its affiliates.
Oracle is a registered trademark of Oracle Corporation and/or its affiliates.
Other names may be trademarks of their respective owners.

Type '\help' or '\?' for help; '\quit' to exit.
 MySQL  JS > \sql
Switching to SQL mode... Commands end with ;
 MySQL  SQL > \connect --mc root@localhost
Creating a Classic session to 'root@localhost'
Please provide the password for 'root@localhost': ***********
Save password for 'root@localhost'? [Y]es/[N]o/Ne[v]er (default No): N
Fetching global names for auto-completion... Press ^C to stop.
Your MySQL connection id is 8
Server version: 8.0.31 MySQL Community Server - GPL
No default schema selected; type \use <schema> to set one.
 MySQL  localhost:3306 ssl  SQL > \use eva_2
Default schema set to `eva_2`.
Fetching global names, object names from `eva_2` for auto-completion... Press ^C to stop.
 MySQL  localhost:3306 ssl  eva_2  SQL > desc factura;
+------------+------+------+-----+---------+----------------+
| Field      | Type | Null | Key | Default | Extra          |
+------------+------+------+-----+---------+----------------+
| id         | int  | NO   | PRI | NULL    | auto_increment |
| id_cliente | int  | NO   |     | NULL    |                |
+------------+------+------+-----+---------+----------------+
2 rows in set (0.0378 sec)
 MySQL  localhost:3306 ssl  eva_2  SQL > SHOW CREATE TABLE FACTURA;
+---------+----------------------------------------------------------------------------------------------------------------------------------------------------------------------------------------------------+
| Table   | Create Table                                                                                                                                                                                       |
+---------+----------------------------------------------------------------------------------------------------------------------------------------------------------------------------------------------------+
| FACTURA | CREATE TABLE `factura` (
  `id` int NOT NULL AUTO_INCREMENT,
  `id_cliente` int NOT NULL,
  PRIMARY KEY (`id`)
) ENGINE=InnoDB AUTO_INCREMENT=9 DEFAULT CHARSET=utf8mb4 COLLATE=utf8mb4_0900_ai_ci |
+---------+----------------------------------------------------------------------------------------------------------------------------------------------------------------------------------------------------+
1 row in set (0.1109 sec)
 MySQL  localhost:3306 ssl  eva_2  SQL > show create table factura;
+---------+----------------------------------------------------------------------------------------------------------------------------------------------------------------------------------------------------+
| Table   | Create Table                                                                                                                                                                                       |
+---------+----------------------------------------------------------------------------------------------------------------------------------------------------------------------------------------------------+
| factura | CREATE TABLE `factura` (
  `id` int NOT NULL AUTO_INCREMENT,
  `id_cliente` int NOT NULL,
  PRIMARY KEY (`id`)
) ENGINE=InnoDB AUTO_INCREMENT=9 DEFAULT CHARSET=utf8mb4 COLLATE=utf8mb4_0900_ai_ci |
+---------+----------------------------------------------------------------------------------------------------------------------------------------------------------------------------------------------------+
1 row in set (0.0010 sec)
 MySQL  localhost:3306 ssl  eva_2  SQL > show create table detallefactura;
+----------------+----------------------------------------------------------------------------------------------------------------------------------------------------------------------------------------------------------------------------------------------------------------------------------------------------------------------------------------------------------------------------------------------------------------------+
| Table          | Create Table                                                                                                                                                                                                                                                                                                                                                                                                         |
+----------------+----------------------------------------------------------------------------------------------------------------------------------------------------------------------------------------------------------------------------------------------------------------------------------------------------------------------------------------------------------------------------------------------------------------------+
| detallefactura | CREATE TABLE `detallefactura` (
  `id` int NOT NULL AUTO_INCREMENT,
  `id_factura` int DEFAULT NULL,
  `id_producto` int DEFAULT NULL,
  PRIMARY KEY (`id`),
  KEY `id_factura` (`id_factura`),
  CONSTRAINT `detallefactura_ibfk_1` FOREIGN KEY (`id_factura`) REFERENCES `factura` (`id`) ON DELETE RESTRICT ON UPDATE CASCADE
) ENGINE=InnoDB AUTO_INCREMENT=7 DEFAULT CHARSET=utf8mb4 COLLATE=utf8mb4_0900_ai_ci |
+----------------+----------------------------------------------------------------------------------------------------------------------------------------------------------------------------------------------------------------------------------------------------------------------------------------------------------------------------------------------------------------------------------------------------------------------+
1 row in set (0.0022 sec)
 MySQL  localhost:3306 ssl  eva_2  SQL > create table maestro(
                                      -> id int auto_increment key,
                                      -> foreign key(id_maestro) references maestro(id) on dele;
ERROR: 1064 (42000): You have an error in your SQL syntax; check the manual that corresponds to your MySQL server version for the right syntax to use near 'dele' at line 5SQL  localhost:3306 ssl  eva_2  SQL > foreign key(id_maestro) references maestro(id) on dele
 MySQL  localhost:3306 ssl  eva_2  SQL > foreign key(id_maestro) references maestro(id) on del
 MySQL  localhost:3306 ssl  eva_2  SQL > foreign key(id_maestro) references maestro(id) on de
 MySQL  localhost:3306 ssl  eva_2  SQL > foreign key(id_maestro) references maestro(id) on d
 MySQL  localhost:3306 ssl  eva_2  SQL > foreign key(id_maestro) references maestro(id) on
 MySQL  localhost:3306 ssl  eva_2  SQL >
 MySQL  localhost:3306 ssl  eva_2  SQL > create table detalle( id int auto_increment key, id_maestro int, dato varchar(20), foreign key(id_maestro) references maestro(id) on delete set null on update no action;
ERROR: 1064 (42000): You have an error in your SQL syntax; check the manual that corresponds to your MySQL server version for the right syntax to use near '' at line 1
 MySQL  localhost:3306 ssl  eva_2  SQL > create table detalle( id int auto_increment key, id_maestro int, dato varchar(20), foreign key(id_maestro) references maestro(id) on delete set null on update no action);
Query OK, 0 rows affected (0.8136 sec)
 MySQL  localhost:3306 ssl  eva_2  SQL > show create table detalle;
+---------+----------------------------------------------------------------------------------------------------------------------------------------------------------------------------------------------------------------------------------------------------------------------------------------------------------------------------------------------------------------------+
| Table   | Create Table                                                                                                                                                                                                                                                                                                                                                         |
+---------+----------------------------------------------------------------------------------------------------------------------------------------------------------------------------------------------------------------------------------------------------------------------------------------------------------------------------------------------------------------------+
| detalle | CREATE TABLE `detalle` (
  `id` int NOT NULL AUTO_INCREMENT,
  `id_maestro` int DEFAULT NULL,
  `dato` varchar(20) DEFAULT NULL,
  PRIMARY KEY (`id`),
  KEY `id_maestro` (`id_maestro`),
  CONSTRAINT `detalle_ibfk_1` FOREIGN KEY (`id_maestro`) REFERENCES `maestro` (`id`) ON DELETE SET NULL
) ENGINE=InnoDB DEFAULT CHARSET=utf8mb4 COLLATE=utf8mb4_0900_ai_ci |
+---------+----------------------------------------------------------------------------------------------------------------------------------------------------------------------------------------------------------------------------------------------------------------------------------------------------------------------------------------------------------------------+
1 row in set (0.0019 sec)
 MySQL  localhost:3306 ssl  eva_2  SQL > insert into detalle(id_maestro,dato)
                                      -> values(5,'algo');
ERROR: 1452 (23000): Cannot add or update a child row: a foreign key constraint fails (`eva_2`.`detalle`, CONSTRAINT `detalle_ibfk_1` FOREIGN KEY (`id_maestro`) REFERENCES `maestro` (`id`) ON DELETE SET NULL)
 MySQL  localhost:3306 ssl  eva_2  SQL > desc maestro;
+-------+-------------+------+-----+---------+----------------+
| Field | Type        | Null | Key | Default | Extra          |
+-------+-------------+------+-----+---------+----------------+
| id    | int         | NO   | PRI | NULL    | auto_increment |
| dato  | varchar(20) | YES  |     | NULL    |                |
+-------+-------------+------+-----+---------+----------------+
2 rows in set (0.0038 sec)
 MySQL  localhost:3306 ssl  eva_2  SQL > insert into maestro(nombre)
                                      -> values('algo');
ERROR: 1054 (42S22): Unknown column 'nombre' in 'field list'
 MySQL  localhost:3306 ssl  eva_2  SQL > insert into maestro(dato) values('algo');
Query OK, 1 row affected (0.3888 sec)
 MySQL  localhost:3306 ssl  eva_2  SQL > insert into maestro(dato) values('algo2');
Query OK, 1 row affected (0.1298 sec)
 MySQL  localhost:3306 ssl  eva_2  SQL > insert into maestro(dato) values('algo3');
Query OK, 1 row affected (0.1585 sec)
 MySQL  localhost:3306 ssl  eva_2  SQL > insert into maestro(dato) values('alg04');
Query OK, 1 row affected (0.2006 sec)
 MySQL  localhost:3306 ssl  eva_2  SQL >
 MySQL  localhost:3306 ssl  eva_2  SQL > desc maestro;
+-------+-------------+------+-----+---------+----------------+
| Field | Type        | Null | Key | Default | Extra          |
+-------+-------------+------+-----+---------+----------------+
| id    | int         | NO   | PRI | NULL    | auto_increment |
| dato  | varchar(20) | YES  |     | NULL    |                |
+-------+-------------+------+-----+---------+----------------+
2 rows in set (0.0025 sec)
 MySQL  localhost:3306 ssl  eva_2  SQL > select * from maestro;
+----+-------+
| id | dato  |
+----+-------+
|  1 | algo  |
|  2 | algo2 |
|  3 | algo3 |
|  4 | alg04 |
+----+-------+
4 rows in set (0.0306 sec)
 MySQL  localhost:3306 ssl  eva_2  SQL > insert into detalle(id_maestro,dato) values(5,'algo');
ERROR: 1452 (23000): Cannot add or update a child row: a foreign key constraint fails (`eva_2`.`detalle`, CONSTRAINT `detalle_ibfk_1` FOREIGN KEY (`id_maestro`) REFERENCES `maestro` (`id`) ON DELETE SET NULL)
 MySQL  localhost:3306 ssl  eva_2  SQL > insert into detalle(id_maestro,dato) values(1,'algo');
Query OK, 1 row affected (0.0818 sec)
 MySQL  localhost:3306 ssl  eva_2  SQL > select * from detalle;
+----+------------+------+
| id | id_maestro | dato |
+----+------------+------+
|  3 |          1 | algo |
+----+------------+------+
1 row in set (0.0011 sec)
 MySQL  localhost:3306 ssl  eva_2  SQL > insert into detalle(id_maestro,dato) values(2,'algo');
Query OK, 1 row affected (0.1077 sec)
 MySQL  localhost:3306 ssl  eva_2  SQL > insert into detalle(id_maestro,dato) values(3,'algo');
Query OK, 1 row affected (0.0287 sec)
 MySQL  localhost:3306 ssl  eva_2  SQL > select * from detalle;
+----+------------+------+
| id | id_maestro | dato |
+----+------------+------+
|  3 |          1 | algo |
|  4 |          2 | algo |
|  5 |          3 | algo |
+----+------------+------+
3 rows in set (0.0007 sec)
 MySQL  localhost:3306 ssl  eva_2  SQL > delete from maestrop
                                      -> where id = 1;
ERROR: 1146 (42S02): Table 'eva_2.maestrop' doesn't exist
 MySQL  localhost:3306 ssl  eva_2  SQL > delete from maestro where id = 1;
Query OK, 1 row affected (0.0355 sec)
 MySQL  localhost:3306 ssl  eva_2  SQL > select * from maestro;
+----+-------+
| id | dato  |
+----+-------+
|  2 | algo2 |
|  3 | algo3 |
|  4 | alg04 |
+----+-------+
3 rows in set (0.0006 sec)
 MySQL  localhost:3306 ssl  eva_2  SQL > select * from detalle;
+----+------------+------+
| id | id_maestro | dato |
+----+------------+------+
|  3 |       NULL | algo |
|  4 |          2 | algo |
|  5 |          3 | algo |
+----+------------+------+
3 rows in set (0.0010 sec)
 MySQL  localhost:3306 ssl  eva_2  SQL > update maestro
                                      -> set id = 6
                                      -> where id = 3;
ERROR: 1451 (23000): Cannot delete or update a parent row: a foreign key constraint fails (`eva_2`.`detalle`, CONSTRAINT `detalle_ibfk_1` FOREIGN KEY (`id_maestro`) REFERENCES `maestro` (`id`) ON DELETE SET NULL);
 MySQL  localhost:3306 ssl  eva_2  SQL > create table contacts(contact_id int auto_increment key, name varchar(15) not null, company varchar(15) not null, address int not null, zipcode int not null);
Query OK, 0 rows affected (0.9545 sec)
 MySQL  localhost:3306 ssl  eva_2  SQL > create table phones( phone_id int auto_increment key, contact_id int, phone int not null, foreign key(contact_id) references contacts(contact_id) on delete cascade on update cascade);
Query OK, 0 rows affected (1.0773 sec)
 MySQL  localhost:3306 ssl  eva_2  SQL > desc contacts;
+------------+-------------+------+-----+---------+----------------+
| Field      | Type        | Null | Key | Default | Extra          |
+------------+-------------+------+-----+---------+----------------+
| contact_id | int         | NO   | PRI | NULL    | auto_increment |
| name       | varchar(15) | NO   |     | NULL    |                |
| company    | varchar(15) | NO   |     | NULL    |                |
| address    | int         | NO   |     | NULL    |                |
| zipcode    | int         | NO   |     | NULL    |                |
+------------+-------------+------+-----+---------+----------------+
5 rows in set (0.0029 sec)
 MySQL  localhost:3306 ssl  eva_2  SQL > desc phones;
+------------+------+------+-----+---------+----------------+
| Field      | Type | Null | Key | Default | Extra          |
+------------+------+------+-----+---------+----------------+
| phone_id   | int  | NO   | PRI | NULL    | auto_increment |
| contact_id | int  | YES  | MUL | NULL    |                |
| phone      | int  | NO   |     | NULL    |                |
+------------+------+------+-----+---------+----------------+
3 rows in set (0.0029 sec)
 MySQL  localhost:3306 ssl  eva_2  SQL > insert into contacts(name,company,address,zipcode)
                                      -> values('Joe','ABC',123,12345);
Query OK, 1 row affected (0.3759 sec)
 MySQL  localhost:3306 ssl  eva_2  SQL > insert into contacts(name,company,address,zipcode) values('Jane','XYZ',456,14454);
Query OK, 1 row affected (0.1037 sec)
 MySQL  localhost:3306 ssl  eva_2  SQL > insert into contacts(name,company,address,zipcode) values('Chris','PDQ',789,14423);
Query OK, 1 row affected (0.3396 sec)
 MySQL  localhost:3306 ssl  eva_2  SQL > insert into phones(contact_id,phone) values(1,5532);
Query OK, 1 row affected (0.0616 sec)
 MySQL  localhost:3306 ssl  eva_2  SQL > insert into phones(contact_id,phone) values(1,2234);
Query OK, 1 row affected (0.0600 sec)
 MySQL  localhost:3306 ssl  eva_2  SQL > insert into phones(contact_id,phone) values(1,3211);
Query OK, 1 row affected (0.3322 sec)
 MySQL  localhost:3306 ssl  eva_2  SQL > insert into phones(contact_id,phone) values(2,3421);
Query OK, 1 row affected (0.0205 sec)
 MySQL  localhost:3306 ssl  eva_2  SQL > insert into phones(contact_id,phone) values(3,2341);
Query OK, 1 row affected (0.1785 sec)
 MySQL  localhost:3306 ssl  eva_2  SQL > insert into phones(contact_id,phone) values(3,6655);
Query OK, 1 row affected (0.1100 sec)
+--------+----------------------------------------------------------------------------------------------------------------------------------------------------------------------------------------------------------------------------------------------------------------------------------------------------------------------------------------------------------------------------------------------------------------+
| Table  | Create Table                                                                                                                                                                                                                                                                                                                                                                                                   |
+--------+----------------------------------------------------------------------------------------------------------------------------------------------------------------------------------------------------------------------------------------------------------------------------------------------------------------------------------------------------------------------------------------------------------------+
| phones | CREATE TABLE `phones` (
  `phone_id` int NOT NULL AUTO_INCREMENT,
  `contact_id` int DEFAULT NULL,
  `phone` int NOT NULL,
  PRIMARY KEY (`phone_id`),
  KEY `contact_id` (`contact_id`),
  CONSTRAINT `phones_ibfk_1` FOREIGN KEY (`contact_id`) REFERENCES `contacts` (`contact_id`) ON DELETE CASCADE ON UPDATE CASCADE
) ENGINE=InnoDB AUTO_INCREMENT=7 DEFAULT CHARSET=utf8mb4 COLLATE=utf8mb4_0900_ai_ci |
+--------+----------------------------------------------------------------------------------------------------------------------------------------------------------------------------------------------------------------------------------------------------------------------------------------------------------------------------------------------------------------------------------------------------------------+
1 row in set (0.0012 sec)
 MySQL  localhost:3306 ssl  eva_2  SQL > show create table contacts;
+----------+-------------------------------------------------------------------------------------------------------------------------------------------------------------------------------------------------------------------------------------------------------------------------------------------------------------+
| Table    | Create Table                                                                                                                                                                                                                                                                                                |
+----------+-------------------------------------------------------------------------------------------------------------------------------------------------------------------------------------------------------------------------------------------------------------------------------------------------------------+
| contacts | CREATE TABLE `contacts` (
  `contact_id` int NOT NULL AUTO_INCREMENT,
  `name` varchar(15) NOT NULL,
  `company` varchar(15) NOT NULL,
  `address` int NOT NULL,
  `zipcode` int NOT NULL,
  PRIMARY KEY (`contact_id`)
) ENGINE=InnoDB AUTO_INCREMENT=4 DEFAULT CHARSET=utf8mb4 COLLATE=utf8mb4_0900_ai_ci |
+----------+-------------------------------------------------------------------------------------------------------------------------------------------------------------------------------------------------------------------------------------------------------------------------------------------------------------+
1 row in set (0.0027 sec)
 MySQL  localhost:3306 ssl  eva_2  SQL >